#
# There is insufficient memory for the Java Runtime Environment to continue.
# Native memory allocation (mmap) failed to map 264241152 bytes for G1 virtual space
# Possible reasons:
#   The system is out of physical RAM or swap space
#   The process is running with CompressedOops enabled, and the Java Heap may be blocking the growth of the native heap
# Possible solutions:
#   Reduce memory load on the system
#   Increase physical memory or swap space
#   Check if swap backing store is full
#   Decrease Java heap size (-Xmx/-Xms)
#   Decrease number of Java threads
#   Decrease Java thread stack sizes (-Xss)
#   Set larger code cache with -XX:ReservedCodeCacheSize=
#   JVM is running with Zero Based Compressed Oops mode in which the Java heap is
#     placed in the first 32GB address space. The Java Heap base address is the
#     maximum limit for the native heap growth. Please use -XX:HeapBaseMinAddress
#     to set the Java Heap base and to place the Java Heap above 32GB virtual address.
# This output file may be truncated or incomplete.
#
#  Out of Memory Error (os_windows.cpp:3603), pid=4356, tid=20396
#
# JRE version:  (21.0.8+12) (build )
# Java VM: Java HotSpot(TM) 64-Bit Server VM (21.0.8+12-LTS-250, mixed mode, sharing, tiered, compressed oops, compressed class ptrs, g1 gc, windows-amd64)
# No core dump will be written. Minidumps are not enabled by default on client versions of Windows
#

---------------  S U M M A R Y ------------

Command Line: -Dnet.bytebuddy.agent.attacher.dump= net.bytebuddy.agent.Attacher com.sun.tools.attach.VirtualMachine 28480 C:\Users\DELL\.m2\repository\net\bytebuddy\byte-buddy-agent\1.17.5\byte-buddy-agent-1.17.5.jar false 

Host: 11th Gen Intel(R) Core(TM) i7-1165G7 @ 2.80GHz, 8 cores, 15G,  Windows 11 , 64 bit Build 26100 (10.0.26100.6725)
Time: Thu Oct 30 12:15:39 2025 Afr. centrale Ouest elapsed time: 0.145678 seconds (0d 0h 0m 0s)

---------------  T H R E A D  ---------------

Current thread (0x00000250da9e9800):  JavaThread "Unknown thread" [_thread_in_vm, id=20396, stack(0x00000071ec000000,0x00000071ec100000) (1024K)]

Stack: [0x00000071ec000000,0x00000071ec100000]
Native frames: (J=compiled Java code, j=interpreted, Vv=VM code, C=native code)
V  [jvm.dll+0x6cc179]
V  [jvm.dll+0x8584c1]
V  [jvm.dll+0x85a9ee]
V  [jvm.dll+0x85b0c3]
V  [jvm.dll+0x27ebf6]
V  [jvm.dll+0x6c88f5]
V  [jvm.dll+0x6bd45a]
V  [jvm.dll+0x354b1a]
V  [jvm.dll+0x35c796]
V  [jvm.dll+0x3af85e]
V  [jvm.dll+0x3afb08]
V  [jvm.dll+0x328e2c]
V  [jvm.dll+0x32998b]
V  [jvm.dll+0x821879]
V  [jvm.dll+0x3bc541]
V  [jvm.dll+0x80aaf8]
V  [jvm.dll+0x45172e]
V  [jvm.dll+0x453321]
C  [jli.dll+0x52a3]
C  [ucrtbase.dll+0x37b0]
C  [KERNEL32.DLL+0x2e8d7]
C  [ntdll.dll+0x8c53c]


---------------  P R O C E S S  ---------------

Threads class SMR info:
_java_thread_list=0x00007ff9ea3dfc48, length=0, elements={
}

Java Threads: ( => current thread )
Total: 0

Other Threads:
  0x00000250daa4add0 WorkerThread "GC Thread#0"                     [id=39464, stack(0x00000071ec100000,0x00000071ec200000) (1024K)]
  0x00000250daa5d190 ConcurrentGCThread "G1 Main Marker"            [id=26164, stack(0x00000071ec200000,0x00000071ec300000) (1024K)]
  0x00000250daa5dc90 WorkerThread "G1 Conc#0"                       [id=30944, stack(0x00000071ec300000,0x00000071ec400000) (1024K)]

[error occurred during error reporting (printing all threads), id 0xc0000005, EXCEPTION_ACCESS_VIOLATION (0xc0000005) at pc=0x00007ff9e9b4b5b7]
VM state: not at safepoint (not fully initialized)

VM Mutex/Monitor currently owned by a thread:  ([mutex/lock_event])
[0x00007ff9ea450f50] Heap_lock - owner thread: 0x00000250da9e9800

Heap address: 0x0000000704400000, size: 4028 MB, Compressed Oops mode: Zero based, Oop shift amount: 3

CDS archive(s) mapped at: [0x0000000000000000-0x0000000000000000-0x0000000000000000), size 0, SharedBaseAddress: 0x0000000800000000, ArchiveRelocationMode: 1.
Narrow klass base: 0x0000000000000000, Narrow klass shift: 0, Narrow klass range: 0x0

GC Precious Log:
 CardTable entry size: 512
 Card Set container configuration: InlinePtr #cards 4 size 8 Array Of Cards #cards 16 size 48 Howl #buckets 8 coarsen threshold 3686 Howl Bitmap #cards 512 size 80 coarsen threshold 460 Card regions per heap region 1 cards per card region 4096

Heap:
 garbage-first heap   total 0K, used 0K [0x0000000704400000, 0x0000000800000000)
  region size 2048K, 0 young (0K), 0 survivors (0K)

[error occurred during error reporting (printing heap information), id 0xc0000005, EXCEPTION_ACCESS_VIOLATION (0xc0000005) at pc=0x00007ff9e9f351e9]
GC Heap History (0 events):
No events

Dll operation events (1 events):
Event: 0.007 Loaded shared library C:\Program Files\Java\jdk-21\bin\java.dll

Deoptimization events (0 events):
No events

Classes loaded (0 events):
No events

Classes unloaded (0 events):
No events

Classes redefined (0 events):
No events

Internal exceptions (0 events):
No events

ZGC Phase Switch (0 events):
No events

VM Operations (0 events):
No events

Events (0 events):
No events


Dynamic libraries:
0x00007ff7b0fd0000 - 0x00007ff7b0fe0000 	C:\Program Files\Java\jdk-21\bin\java.exe
0x00007ffa69e40000 - 0x00007ffa6a0a8000 	C:\WINDOWS\SYSTEM32\ntdll.dll
0x00007ffa67c20000 - 0x00007ffa67ce9000 	C:\WINDOWS\System32\KERNEL32.DLL
0x00007ffa673d0000 - 0x00007ffa677c2000 	C:\WINDOWS\System32\KERNELBASE.dll
0x00007ffa67950000 - 0x00007ffa67a9b000 	C:\WINDOWS\System32\ucrtbase.dll
0x00007ffa4cdc0000 - 0x00007ffa4cdd9000 	C:\Program Files\Java\jdk-21\bin\jli.dll
0x00007ffa327f0000 - 0x00007ffa3280b000 	C:\Program Files\Java\jdk-21\bin\VCRUNTIME140.dll
0x00007ffa692e0000 - 0x00007ffa69394000 	C:\WINDOWS\System32\ADVAPI32.dll
0x00007ffa680a0000 - 0x00007ffa68149000 	C:\WINDOWS\System32\msvcrt.dll
0x00007ffa691d0000 - 0x00007ffa69276000 	C:\WINDOWS\System32\sechost.dll
0x00007ffa69b80000 - 0x00007ffa69c98000 	C:\WINDOWS\System32\RPCRT4.dll
0x00007ffa694e0000 - 0x00007ffa696a5000 	C:\WINDOWS\System32\USER32.dll
0x00007ffa4d030000 - 0x00007ffa4d2c3000 	C:\WINDOWS\WinSxS\amd64_microsoft.windows.common-controls_6595b64144ccf1df_6.0.26100.6899_none_3e0efeeae32e88c1\COMCTL32.dll
0x00007ffa67aa0000 - 0x00007ffa67ac7000 	C:\WINDOWS\System32\win32u.dll
0x00007ffa696c0000 - 0x00007ffa696eb000 	C:\WINDOWS\System32\GDI32.dll
0x00007ffa66fd0000 - 0x00007ffa670fd000 	C:\WINDOWS\System32\gdi32full.dll
0x00007ffa67ad0000 - 0x00007ffa67b73000 	C:\WINDOWS\System32\msvcp_win.dll
0x00007ffa56820000 - 0x00007ffa5682b000 	C:\WINDOWS\SYSTEM32\VERSION.dll
0x00007ffa69190000 - 0x00007ffa691bf000 	C:\WINDOWS\System32\IMM32.DLL
0x00007ffa612b0000 - 0x00007ffa612bc000 	C:\Program Files\Java\jdk-21\bin\vcruntime140_1.dll
0x00007ffa081d0000 - 0x00007ffa0825e000 	C:\Program Files\Java\jdk-21\bin\msvcp140.dll
0x00007ff9e9810000 - 0x00007ff9ea52d000 	C:\Program Files\Java\jdk-21\bin\server\jvm.dll
0x00007ffa69460000 - 0x00007ffa694d4000 	C:\WINDOWS\System32\WS2_32.dll
0x00007ffa66e30000 - 0x00007ffa66e8e000 	C:\WINDOWS\SYSTEM32\POWRPROF.dll
0x00007ffa5b060000 - 0x00007ffa5b095000 	C:\WINDOWS\SYSTEM32\WINMM.dll
0x00007ffa66e10000 - 0x00007ffa66e24000 	C:\WINDOWS\SYSTEM32\UMPDC.dll
0x00007ffa65d60000 - 0x00007ffa65d7b000 	C:\WINDOWS\SYSTEM32\kernel.appcore.dll
0x00007ffa327e0000 - 0x00007ffa327ea000 	C:\Program Files\Java\jdk-21\bin\jimage.dll
0x00007ffa64670000 - 0x00007ffa648b2000 	C:\WINDOWS\SYSTEM32\DBGHELP.DLL
0x00007ffa68e10000 - 0x00007ffa6918b000 	C:\WINDOWS\System32\combase.dll
0x00007ffa683c0000 - 0x00007ffa68497000 	C:\WINDOWS\System32\OLEAUT32.dll
0x00007ffa3d130000 - 0x00007ffa3d16c000 	C:\WINDOWS\SYSTEM32\dbgcore.DLL
0x00007ffa67100000 - 0x00007ffa67198000 	C:\WINDOWS\System32\bcryptPrimitives.dll
0x00007ffa081b0000 - 0x00007ffa081cf000 	C:\Program Files\Java\jdk-21\bin\java.dll

dbghelp: loaded successfully - version: 4.0.5 - missing functions: none
symbol engine: initialized successfully - sym options: 0x614 - pdb path: .;C:\Program Files\Java\jdk-21\bin;C:\WINDOWS\SYSTEM32;C:\WINDOWS\WinSxS\amd64_microsoft.windows.common-controls_6595b64144ccf1df_6.0.26100.6899_none_3e0efeeae32e88c1;C:\Program Files\Java\jdk-21\bin\server

VM Arguments:
jvm_args: -Dnet.bytebuddy.agent.attacher.dump= 
java_command: net.bytebuddy.agent.Attacher com.sun.tools.attach.VirtualMachine 28480 C:\Users\DELL\.m2\repository\net\bytebuddy\byte-buddy-agent\1.17.5\byte-buddy-agent-1.17.5.jar false 
java_class_path (initial): C:\Users\DELL\.m2\repository\net\bytebuddy\byte-buddy-agent\1.17.5\byte-buddy-agent-1.17.5.jar
Launcher Type: SUN_STANDARD

[Global flags]
     intx CICompilerCount                          = 4                                         {product} {ergonomic}
     uint ConcGCThreads                            = 2                                         {product} {ergonomic}
     uint G1ConcRefinementThreads                  = 8                                         {product} {ergonomic}
   size_t G1HeapRegionSize                         = 2097152                                   {product} {ergonomic}
    uintx GCDrainStackTargetSize                   = 64                                        {product} {ergonomic}
   size_t InitialHeapSize                          = 264241152                                 {product} {ergonomic}
   size_t MarkStackSize                            = 4194304                                   {product} {ergonomic}
   size_t MaxHeapSize                              = 4223664128                                {product} {ergonomic}
   size_t MinHeapDeltaBytes                        = 2097152                                   {product} {ergonomic}
   size_t MinHeapSize                              = 8388608                                   {product} {ergonomic}
    uintx NonNMethodCodeHeapSize                   = 5839372                                {pd product} {ergonomic}
    uintx NonProfiledCodeHeapSize                  = 122909434                              {pd product} {ergonomic}
    uintx ProfiledCodeHeapSize                     = 122909434                              {pd product} {ergonomic}
    uintx ReservedCodeCacheSize                    = 251658240                              {pd product} {ergonomic}
     bool SegmentedCodeCache                       = true                                      {product} {ergonomic}
   size_t SoftMaxHeapSize                          = 4223664128                             {manageable} {ergonomic}
     bool UseCompressedOops                        = true                           {product lp64_product} {ergonomic}
     bool UseG1GC                                  = true                                      {product} {ergonomic}
     bool UseLargePagesIndividualAllocation        = false                                  {pd product} {ergonomic}

Logging:
Log output configuration:
 #0: stdout all=warning uptime,level,tags foldmultilines=false
 #1: stderr all=off uptime,level,tags foldmultilines=false

Environment Variables:
PATH=C:\Program Files\Common Files\Oracle\Java\javapath;C:\WINDOWS\system32;C:\WINDOWS;C:\WINDOWS\System32\Wbem;C:\WINDOWS\System32\WindowsPowerShell\v1.0\;C:\WINDOWS\System32\OpenSSH\;C:\Program Files\Docker\Docker\resources\bin;C:\ProgramData\chocolatey\bin;C:\Program Files\nodejs\;C:\Program Files\OpenSSL-Win64\bin;C:\Program Files\Java\jdk-21;C:\Program Files\Git\cmd;D:\cursor\resources\app\bin;C:\Users\DELL\scoop\apps\maven\current\bin;C:\Users\DELL\scoop\shims;C:\Users\DELL\AppData\Local\Programs\Python\Python312\Scripts\;C:\Users\DELL\AppData\Local\Programs\Python\Python312\;C:\Users\DELL\AppData\Local\Programs\Python\Launcher\;C:\Users\DELL\AppData\Local\Microsoft\WindowsApps;C:\Users\DELL\AppData\Local\Programs\Microsoft VS Code\bin;C:\Users\DELL\AppData\Roaming\npm;C:\Program Files\JetBrains\IntelliJ IDEA 2025.2.2\bin;
USERNAME=DELL
OS=Windows_NT
PROCESSOR_IDENTIFIER=Intel64 Family 6 Model 140 Stepping 1, GenuineIntel
TMP=C:\Users\DELL\AppData\Local\Temp
TEMP=C:\Users\DELL\AppData\Local\Temp




Periodic native trim disabled

---------------  S Y S T E M  ---------------

OS:
 Windows 11 , 64 bit Build 26100 (10.0.26100.6725)
OS uptime: 6 days 21:42 hours
Hyper-V role detected

CPU: total 8 (initial active 8) (4 cores per cpu, 2 threads per core) family 6 model 140 stepping 1 microcode 0xbc, cx8, cmov, fxsr, ht, mmx, 3dnowpref, sse, sse2, sse3, ssse3, sse4.1, sse4.2, popcnt, lzcnt, tsc, tscinvbit, avx, avx2, aes, erms, clmul, bmi1, bmi2, adx, avx512f, avx512dq, avx512cd, avx512bw, avx512vl, sha, fma, vzeroupper, avx512_vpopcntdq, avx512_vpclmulqdq, avx512_vaes, avx512_vnni, clflush, clflushopt, clwb, avx512_vbmi2, avx512_vbmi, hv, rdtscp, rdpid, fsrm, gfni, avx512_bitalg, f16c, cet_ibt, cet_ss, avx512_ifma
Processor Information for all 8 processors :
  Max Mhz: 2803, Current Mhz: 2803, Mhz Limit: 2803

Memory: 4k page, system-wide physical 16110M (1183M free)
TotalPageFile size 46511M (AvailPageFile size 255M)
current process WorkingSet (physical memory assigned to process): 12M, peak: 12M
current process commit charge ("private bytes"): 60M, peak: 312M

vm_info: Java HotSpot(TM) 64-Bit Server VM (21.0.8+12-LTS-250) for windows-amd64 JRE (21.0.8+12-LTS-250), built on 2025-06-27T08:11:22Z by "mach5one" with MS VC++ 17.6 (VS2022)

END.
